  Determining projects to restore...
  All projects are up-to-date for restore.
  Product.Domain -> c:\Projelerim\ecommerce-platform\services\product-service\Product.Domain\bin\Debug\net9.0\Product.Domain.dll
  Product.Application -> c:\Projelerim\ecommerce-platform\services\product-service\Product.Application\bin\Debug\net9.0\Product.Application.dll
c:\Projelerim\ecommerce-platform\services\product-service\Product.Infrastructure\Migrations\20260219120947_initalcreate.cs(9,26): warning CS8981: The type name 'initalcreate' only contains lower-cased ascii characters. Such names may become reserved for the language. [c:\Projelerim\ecommerce-platform\services\product-service\Product.Infrastructure\Product.Infrastructure.csproj]
c:\Projelerim\ecommerce-platform\services\product-service\Product.Infrastructure\Migrations\20260219120947_initalcreate.Designer.cs(16,19): warning CS8981: The type name 'initalcreate' only contains lower-cased ascii characters. Such names may become reserved for the language. [c:\Projelerim\ecommerce-platform\services\product-service\Product.Infrastructure\Product.Infrastructure.csproj]
c:\Projelerim\ecommerce-platform\services\product-service\Product.Infrastructure\DependencyInjection.cs(38,42): error CS1061: 'IConfiguration' does not contain a definition for 'GetValue' and no accessible extension method 'GetValue' accepting a first argument of type 'IConfiguration' could be found (are you missing a using directive or an assembly reference?) [c:\Projelerim\ecommerce-platform\services\product-service\Product.Infrastructure\Product.Infrastructure.csproj]
c:\Projelerim\ecommerce-platform\services\product-service\Product.Infrastructure\DependencyInjection.cs(39,42): error CS1061: 'IConfiguration' does not contain a definition for 'GetValue' and no accessible extension method 'GetValue' accepting a first argument of type 'IConfiguration' could be found (are you missing a using directive or an assembly reference?) [c:\Projelerim\ecommerce-platform\services\product-service\Product.Infrastructure\Product.Infrastructure.csproj]
c:\Projelerim\ecommerce-platform\services\product-service\Product.Infrastructure\DependencyInjection.cs(40,42): error CS1061: 'IConfiguration' does not contain a definition for 'GetValue' and no accessible extension method 'GetValue' accepting a first argument of type 'IConfiguration' could be found (are you missing a using directive or an assembly reference?) [c:\Projelerim\ecommerce-platform\services\product-service\Product.Infrastructure\Product.Infrastructure.csproj]

Build FAILED.

c:\Projelerim\ecommerce-platform\services\product-service\Product.Infrastructure\Migrations\20260219120947_initalcreate.cs(9,26): warning CS8981: The type name 'initalcreate' only contains lower-cased ascii characters. Such names may become reserved for the language. [c:\Projelerim\ecommerce-platform\services\product-service\Product.Infrastructure\Product.Infrastructure.csproj]
c:\Projelerim\ecommerce-platform\services\product-service\Product.Infrastructure\Migrations\20260219120947_initalcreate.Designer.cs(16,19): warning CS8981: The type name 'initalcreate' only contains lower-cased ascii characters. Such names may become reserved for the language. [c:\Projelerim\ecommerce-platform\services\product-service\Product.Infrastructure\Product.Infrastructure.csproj]
c:\Projelerim\ecommerce-platform\services\product-service\Product.Infrastructure\DependencyInjection.cs(38,42): error CS1061: 'IConfiguration' does not contain a definition for 'GetValue' and no accessible extension method 'GetValue' accepting a first argument of type 'IConfiguration' could be found (are you missing a using directive or an assembly reference?) [c:\Projelerim\ecommerce-platform\services\product-service\Product.Infrastructure\Product.Infrastructure.csproj]
c:\Projelerim\ecommerce-platform\services\product-service\Product.Infrastructure\DependencyInjection.cs(39,42): error CS1061: 'IConfiguration' does not contain a definition for 'GetValue' and no accessible extension method 'GetValue' accepting a first argument of type 'IConfiguration' could be found (are you missing a using directive or an assembly reference?) [c:\Projelerim\ecommerce-platform\services\product-service\Product.Infrastructure\Product.Infrastructure.csproj]
c:\Projelerim\ecommerce-platform\services\product-service\Product.Infrastructure\DependencyInjection.cs(40,42): error CS1061: 'IConfiguration' does not contain a definition for 'GetValue' and no accessible extension method 'GetValue' accepting a first argument of type 'IConfiguration' could be found (are you missing a using directive or an assembly reference?) [c:\Projelerim\ecommerce-platform\services\product-service\Product.Infrastructure\Product.Infrastructure.csproj]
    2 Warning(s)
    3 Error(s)

Time Elapsed 00:00:01.33

Workload updates are available. Run `dotnet workload list` for more information.
