c:\Projelerim\ecommerce-platform\services\product-service\Product.Infrastructure\DependencyInjection.cs(38,42): error CS1061: 'IConfiguration' does not contain a definition for 'GetValue' and no accessible extension method 'GetValue' accepting a first argument of type 'IConfiguration' could be found (are you missing a using directive or an assembly reference?) [c:\Projelerim\ecommerce-platform\services\product-service\Product.Infrastructure\Product.Infrastructure.csproj]
c:\Projelerim\ecommerce-platform\services\product-service\Product.Infrastructure\DependencyInjection.cs(39,42): error CS1061: 'IConfiguration' does not contain a definition for 'GetValue' and no accessible extension method 'GetValue' accepting a first argument of type 'IConfiguration' could be found (are you missing a using directive or an assembly reference?) [c:\Projelerim\ecommerce-platform\services\product-service\Product.Infrastructure\Product.Infrastructure.csproj]
c:\Projelerim\ecommerce-platform\services\product-service\Product.Infrastructure\DependencyInjection.cs(40,42): error CS1061: 'IConfiguration' does not contain a definition for 'GetValue' and no accessible extension method 'GetValue' accepting a first argument of type 'IConfiguration' could be found (are you missing a using directive or an assembly reference?) [c:\Projelerim\ecommerce-platform\services\product-service\Product.Infrastructure\Product.Infrastructure.csproj]
c:\Projelerim\ecommerce-platform\services\product-service\Product.Infrastructure\DependencyInjection.cs(38,42): error CS1061: 'IConfiguration' does not contain a definition for 'GetValue' and no accessible extension method 'GetValue' accepting a first argument of type 'IConfiguration' could be found (are you missing a using directive or an assembly reference?) [c:\Projelerim\ecommerce-platform\services\product-service\Product.Infrastructure\Product.Infrastructure.csproj]
c:\Projelerim\ecommerce-platform\services\product-service\Product.Infrastructure\DependencyInjection.cs(39,42): error CS1061: 'IConfiguration' does not contain a definition for 'GetValue' and no accessible extension method 'GetValue' accepting a first argument of type 'IConfiguration' could be found (are you missing a using directive or an assembly reference?) [c:\Projelerim\ecommerce-platform\services\product-service\Product.Infrastructure\Product.Infrastructure.csproj]
c:\Projelerim\ecommerce-platform\services\product-service\Product.Infrastructure\DependencyInjection.cs(40,42): error CS1061: 'IConfiguration' does not contain a definition for 'GetValue' and no accessible extension method 'GetValue' accepting a first argument of type 'IConfiguration' could be found (are you missing a using directive or an assembly reference?) [c:\Projelerim\ecommerce-platform\services\product-service\Product.Infrastructure\Product.Infrastructure.csproj]
    3 Error(s)
